{
  "generated_at": "2026-06-20T00:14:53.901027Z",
  "regime": {
    "regime": "C",
    "bias": "NEUTRAL",
    "reason": "SPY inside +/-1.0% of 20d SMA -> chop, suppress directional"
  },
  "bayesian": {
    "rung": "PROBE",
    "posterior_a": 12.8,
    "posterior_b": 48.2,
    "posterior_mean_p": 0.2098,
    "breakeven_p": 0.4,
    "pr_edge_above_breakeven": 0.0007,
    "realized_r": 0.92,
    "size_pct": 1.5,
    "active_tranche_gbp": 4000.0,
    "protected_base_gbp": 0.0,
    "next_rung": {
      "name": "STAGE_2",
      "needs_closed": 20,
      "have_closed": 51,
      "needs_pr_edge": 0.8,
      "have_pr_edge": 0.0007,
      "needs_realized_r": 1.5,
      "have_realized_r": 0.92
    }
  },
  "edge": {
    "n_closed": 51,
    "expectancy_pct": -31.59,
    "win_rate": 0.176,
    "breakeven_win": 0.4,
    "mode": "LOCKED",
    "slippage_flag": true,
    "mean_stop_fill_pct": -41.1
  }
}