2026-08-18 BAND_WIDE: 7d mean -16.23 LLR -0.77 halves -11.7/-19.6 vs BASELINE
2026-08-18 EARLY_CUT: 5d mean -18.90 LLR -0.22 halves -25.3/-14.6 vs BASELINE
2026-08-18 FADE_WHALE: 4d mean +0.75 LLR +0.00 halves +18.0/-16.5 vs LIVE_SPEC
2026-08-18 BAND_50_400: 5d mean -18.10 LLR +0.00 halves -15.7/-19.7 vs LIVE_SPEC
2026-08-18 SOFT_ROUTER: 1d mean -32.31 LLR +0.00 halves +0.0/-32.3 vs LIVE_SPEC



2026-08-27 BAND_WIDE: 6d mean +0.39 LLR -0.07 halves -2.3/+3.1 vs BASELINE
2026-08-27 EARLY_CUT: 6d mean +0.21 LLR -0.09 halves -3.7/+4.1 vs BASELINE
2026-08-27 FADE_WHALE: 5d mean +3.66 LLR -0.00 halves -21.2/+20.2 vs LIVE_SPEC
2026-08-27 BAND_50_400: 6d mean -1.07 LLR -0.12 halves -2.9/+0.8 vs LIVE_SPEC
2026-08-27 EXIT_STOP40: 6d mean +2.35 LLR +0.29 halves -0.7/+5.4 vs LIVE_SPEC
2026-08-27 SOFT_ROUTER: 6d mean -1.07 LLR -0.12 halves -2.9/+0.8 vs LIVE_SPEC
2026-08-27 CH_SPREAD_1p5: 6d mean +2.49 LLR +0.31 halves -1.1/+6.0 vs CHAMPION
2026-08-27 CH_SPREAD_2p5: 6d mean -2.59 LLR -0.30 halves -5.7/+0.5 vs CHAMPION
2026-08-27 CH_FLOWLO_30k: 6d mean -1.07 LLR -0.12 halves -2.3/+0.2 vs CHAMPION
2026-08-27 CH_FLOWLO_80k: 6d mean -0.03 LLR +0.00 halves -0.5/+0.4 vs CHAMPION
2026-08-27 SWEEP_PLATEAU: 6d mean +3.34 LLR +0.23 halves +0.4/+6.3 vs CHAMPION
2026-08-27 SWEEP_DEEPBEAR: 6d mean -2.90 LLR -0.34 halves -4.0/-1.8 vs CHAMPION
2026-08-28 BAND_WIDE: 7d mean -0.85 LLR -0.06 halves -2.0/+0.0 vs BASELINE
2026-08-28 EARLY_CUT: 7d mean -1.30 LLR -0.12 halves -3.7/+0.5 vs BASELINE
2026-08-28 FADE_WHALE: 5d mean +3.66 LLR +0.01 halves -21.2/+20.2 vs LIVE_SPEC
2026-08-28 BAND_50_400: 7d mean -1.63 LLR -0.14 halves -2.9/-0.7 vs LIVE_SPEC
2026-08-28 EXIT_STOP40: 7d mean +1.18 LLR +0.25 halves -0.7/+2.6 vs LIVE_SPEC
2026-08-28 SOFT_ROUTER: 7d mean -1.63 LLR -0.14 halves -2.9/-0.7 vs LIVE_SPEC
2026-08-28 CH_SPREAD_1p5: 7d mean -0.82 LLR -0.03 halves -1.1/-0.6 vs CHAMPION
2026-08-28 CH_SPREAD_2p5: 7d mean -3.05 LLR -0.34 halves -5.7/-1.1 vs CHAMPION
2026-08-28 CH_FLOWLO_30k: 7d mean -1.66 LLR -0.14 halves -2.1/-1.4 vs CHAMPION
2026-08-28 CH_FLOWLO_80k: 7d mean -0.61 LLR +0.00 halves -0.5/-0.7 vs CHAMPION
2026-08-28 SWEEP_PLATEAU: 7d mean -0.99 LLR -0.03 halves +0.4/-2.0 vs CHAMPION
2026-08-28 SWEEP_DEEPBEAR: 7d mean -3.50 LLR -0.40 halves -4.0/-3.1 vs CHAMPION
2026-08-28 HOURLY_WIDE: 5d mean +0.32 LLR -0.33 halves +2.7/-1.3 vs CHAMPION
2026-08-31 BAND_WIDE: 8d mean +0.03 LLR -0.08 halves -2.7/+2.8 vs BASELINE
2026-08-31 EARLY_CUT: 8d mean -0.36 LLR -0.14 halves -4.4/+3.7 vs BASELINE
2026-08-31 FADE_WHALE: 6d mean +9.00 LLR +0.06 halves +6.2/+11.8 vs LIVE_SPEC
2026-08-31 BAND_50_400: 8d mean -0.65 LLR -0.16 halves -3.8/+2.5 vs LIVE_SPEC
2026-08-31 EXIT_STOP40: 8d mean +2.23 LLR +0.30 halves -1.1/+5.6 vs LIVE_SPEC
2026-08-31 SOFT_ROUTER: 8d mean -0.65 LLR -0.16 halves -3.8/+2.5 vs LIVE_SPEC
2026-08-31 CH_SPREAD_1p5: 8d mean +3.57 LLR +0.33 halves -4.5/+11.7 vs CHAMPION
2026-08-31 CH_SPREAD_2p5: 8d mean -3.71 LLR -0.65 halves -6.4/-1.0 vs CHAMPION
2026-08-31 CH_FLOWLO_30k: 8d mean -0.67 LLR -0.16 halves -2.8/+1.5 vs CHAMPION
2026-08-31 CH_FLOWLO_80k: 8d mean +0.24 LLR -0.02 halves -3.6/+4.1 vs CHAMPION
2026-08-31 SWEEP_PLATEAU: 8d mean +3.42 LLR +0.21 halves -4.8/+11.7 vs CHAMPION
2026-08-31 SWEEP_DEEPBEAR: 8d mean -1.59 LLR -0.31 halves -6.1/+2.9 vs CHAMPION
2026-08-31 HOURLY_WIDE: 6d mean +0.89 LLR -0.40 halves +9.2/-7.4 vs CHAMPION
2026-08-31 BAND_WIDE: 8d mean +0.03 LLR -0.08 halves -2.7/+2.8 vs BASELINE
2026-08-31 EARLY_CUT: 8d mean -0.36 LLR -0.14 halves -4.4/+3.7 vs BASELINE
2026-08-31 FADE_WHALE: 6d mean +9.00 LLR +0.06 halves +6.2/+11.8 vs LIVE_SPEC
2026-08-31 BAND_50_400: 8d mean -0.65 LLR -0.16 halves -3.8/+2.5 vs LIVE_SPEC
2026-08-31 EXIT_STOP40: 8d mean +2.23 LLR +0.30 halves -1.1/+5.6 vs LIVE_SPEC
2026-08-31 SOFT_ROUTER: 8d mean -0.65 LLR -0.16 halves -3.8/+2.5 vs LIVE_SPEC
2026-08-31 CH_SPREAD_1p5: 8d mean +3.57 LLR +0.33 halves -4.5/+11.7 vs CHAMPION
2026-08-31 CH_SPREAD_2p5: 8d mean -3.71 LLR -0.65 halves -6.4/-1.0 vs CHAMPION
2026-08-31 CH_FLOWLO_30k: 8d mean -0.67 LLR -0.16 halves -2.8/+1.5 vs CHAMPION
2026-08-31 CH_FLOWLO_80k: 8d mean +0.24 LLR -0.02 halves -3.6/+4.1 vs CHAMPION
2026-08-31 SWEEP_PLATEAU: 8d mean +3.42 LLR +0.21 halves -4.8/+11.7 vs CHAMPION
2026-08-31 SWEEP_DEEPBEAR: 8d mean -1.59 LLR -0.31 halves -6.1/+2.9 vs CHAMPION
2026-08-31 HOURLY_WIDE: 6d mean +0.89 LLR -0.40 halves +9.2/-7.4 vs CHAMPION
2026-09-01 BAND_WIDE: 9d mean -0.68 LLR -0.28 halves -2.7/+0.9 vs BASELINE
2026-09-01 EARLY_CUT: 9d mean +0.96 LLR +0.02 halves -4.4/+5.3 vs BASELINE
2026-09-01 FADE_WHALE: 6d mean +1.86 LLR -0.02 halves +6.2/-2.5 vs LIVE_SPEC
2026-09-01 BAND_50_400: 9d mean +0.36 LLR -0.18 halves -3.8/+3.7 vs LIVE_SPEC
2026-09-01 EXIT_STOP40: 9d mean +3.36 LLR +0.36 halves -1.1/+7.0 vs LIVE_SPEC
2026-09-01 SOFT_ROUTER: 9d mean +0.36 LLR -0.18 halves -3.8/+3.7 vs LIVE_SPEC
2026-09-01 CH_SPREAD_1p5: 9d mean +0.14 LLR -0.22 halves -4.5/+3.9 vs CHAMPION
2026-09-01 CH_SPREAD_2p5: 9d mean -3.77 LLR -0.92 halves -6.4/-1.7 vs CHAMPION
2026-09-01 CH_FLOWLO_30k: 9d mean -0.65 LLR -0.36 halves -2.8/+1.1 vs CHAMPION
2026-09-01 CH_FLOWLO_80k: 9d mean +1.15 LLR -0.04 halves -3.6/+5.0 vs CHAMPION
2026-09-01 SWEEP_PLATEAU: 9d mean +0.01 LLR -0.17 halves -4.8/+3.9 vs CHAMPION
2026-09-01 SWEEP_DEEPBEAR: 9d mean -2.02 LLR -0.61 halves -6.1/+1.2 vs CHAMPION
2026-09-01 HOURLY_WIDE: 7d mean +1.33 LLR -0.51 halves +9.2/-4.6 vs CHAMPION
2026-09-04 BAND_WIDE: 12d mean +5.46 LLR -0.39 halves -0.0/+10.9 vs BASELINE
2026-09-04 EARLY_CUT: 12d mean +1.43 LLR -1.36 halves -1.1/+3.9 vs BASELINE
2026-09-04 FADE_WHALE: 8d mean +5.33 LLR -0.05 halves -7.8/+18.5 vs LIVE_SPEC
2026-09-04 BAND_50_400: 12d mean +5.59 LLR -0.24 halves -1.1/+12.3 vs LIVE_SPEC
2026-09-04 EXIT_STOP40: 12d mean +5.46 LLR -0.27 halves +1.9/+9.0 vs LIVE_SPEC
2026-09-04 SOFT_ROUTER: 12d mean +5.59 LLR -0.24 halves -1.1/+12.3 vs LIVE_SPEC
2026-09-04 CH_SPREAD_1p5: 12d mean +6.07 LLR -0.12 halves +1.0/+11.2 vs CHAMPION
2026-09-04 CH_SPREAD_2p5: 12d mean +3.29 LLR -0.79 halves -2.5/+9.1 vs CHAMPION
2026-09-04 CH_FLOWLO_30k: 12d mean +5.07 LLR -0.36 halves -1.0/+11.1 vs CHAMPION
2026-09-04 CH_FLOWLO_80k: 12d mean +6.48 LLR -0.03 halves +0.6/+12.3 vs CHAMPION
2026-09-04 SWEEP_PLATEAU: 12d mean +6.19 LLR -0.08 halves +0.9/+11.4 vs CHAMPION
2026-09-04 SWEEP_DEEPBEAR: 12d mean +4.07 LLR -0.60 halves -3.1/+11.3 vs CHAMPION
2026-09-04 HOURLY_WIDE: 10d mean +7.53 LLR -0.52 halves +0.3/+14.8 vs CHAMPION
2026-09-04 BAND_WIDE: 12d mean +5.46 LLR -0.39 halves -0.0/+10.9 vs BASELINE
2026-09-04 EARLY_CUT: 12d mean +1.43 LLR -1.36 halves -1.1/+3.9 vs BASELINE
2026-09-04 FADE_WHALE: 8d mean +5.33 LLR -0.05 halves -7.8/+18.5 vs LIVE_SPEC
2026-09-04 BAND_50_400: 12d mean +5.59 LLR -0.24 halves -1.1/+12.3 vs LIVE_SPEC
2026-09-04 EXIT_STOP40: 12d mean +5.46 LLR -0.27 halves +1.9/+9.0 vs LIVE_SPEC
2026-09-04 SOFT_ROUTER: 12d mean +5.59 LLR -0.24 halves -1.1/+12.3 vs LIVE_SPEC
2026-09-04 CH_SPREAD_1p5: 12d mean +6.07 LLR -0.12 halves +1.0/+11.2 vs CHAMPION
2026-09-04 CH_SPREAD_2p5: 12d mean +3.29 LLR -0.79 halves -2.5/+9.1 vs CHAMPION
2026-09-04 CH_FLOWLO_30k: 12d mean +5.07 LLR -0.36 halves -1.0/+11.1 vs CHAMPION
2026-09-04 CH_FLOWLO_80k: 12d mean +6.48 LLR -0.03 halves +0.6/+12.3 vs CHAMPION
2026-09-04 SWEEP_PLATEAU: 12d mean +6.19 LLR -0.08 halves +0.9/+11.4 vs CHAMPION
2026-09-04 SWEEP_DEEPBEAR: 12d mean +4.07 LLR -0.60 halves -3.1/+11.3 vs CHAMPION
2026-09-04 HOURLY_WIDE: 10d mean +7.53 LLR -0.52 halves +0.3/+14.8 vs CHAMPION
